// Vitest Snapshot v1, https://vitest.dev/guide/snapshot.html

exports[`comments > reactions 1`] = `
[
  {
    "created_at": "2023-02-16T22:43:52.679Z",
    "emoji": ":+1:",
    "user": {
      "handle": "Sue Huang",
      "id": "976296371487097187",
      "img_url": "https://s3-alpha.figma.com/profile/c56fc499-8e8a-4bba-bad1-fd7129e6032b",
    },
  },
  {
    "created_at": "2023-02-17T01:16:53.003Z",
    "emoji": ":+1:",
    "user": {
      "handle": "Finn Clark",
      "id": "606630225555448770",
      "img_url": "https://s3-alpha.figma.com/profile/edb3d868-a927-4838-8a55-57b45b51c4f9",
    },
  },
  {
    "created_at": "2023-02-16T22:43:52.679Z",
    "emoji": ":+1:",
    "user": {
      "handle": "Sue Huang",
      "id": "976296371487097187",
      "img_url": "https://s3-alpha.figma.com/profile/c56fc499-8e8a-4bba-bad1-fd7129e6032b",
    },
  },
  {
    "created_at": "2023-02-17T01:16:53.003Z",
    "emoji": ":+1:",
    "user": {
      "handle": "Finn Clark",
      "id": "606630225555448770",
      "img_url": "https://s3-alpha.figma.com/profile/edb3d868-a927-4838-8a55-57b45b51c4f9",
    },
  },
]
`;
